
> lms-tutorial@0.1.0 postinstall
> prisma generate

Prisma schema loaded from prisma\schema.prisma

✔ Generated Prisma Client (v5.14.0) to .\node_modules\@prisma\client in 62ms

Start using Prisma Client in Node.js (See: https://pris.ly/d/client)
```
import { PrismaClient } from '@prisma/client'
const prisma = new PrismaClient()
```
or start using Prisma Client at the edge (See: https://pris.ly/d/accelerate)
```
import { PrismaClient } from '@prisma/client/edge'
const prisma = new PrismaClient()
```

See other ways of importing Prisma Client: http://pris.ly/d/importing-client

┌────────────────────────────────────────────────────────────────┐
│  Supercharge your Prisma Client with global database caching,  │
│  scalable connection pooling and real-time database events.    │
│  Explore Prisma Accelerate: https://pris.ly/cli/-accelerate    │
│  Explore Prisma Pulse: https://pris.ly/cli/-pulse              │
└────────────────────────────────────────────────────────────────┘


warn Versions of prisma@5.13.0 and @prisma/client@5.14.0 don't match.
This might lead to unexpected behavior.
Please make sure they have the same version.
┌─────────────────────────────────────────────────────────┐
│  Update available 5.13.0 -> 8.0.0-rc.14                 │
│                                                         │
│  This is a major update - please follow the guide at    │
│  https://pris.ly/d/major-version-upgrade                │
│                                                         │
│  Run the following to update                            │
│    npm i --save-dev prisma@latest                       │
│    npm i @prisma/client@latest                          │
└─────────────────────────────────────────────────────────┘

up to date in 3s

140 packages are looking for funding
  run `npm fund` for details
npm warn allow-scripts 3 packages have install scripts not yet covered by allowScripts:
npm warn allow-scripts   @prisma/client@5.14.0 (install: (install scripts present))
npm warn allow-scripts   @prisma/engines@5.13.0 (install: (install scripts present))
npm warn allow-scripts   prisma@5.13.0 (install: (install scripts present))
npm warn allow-scripts
npm warn allow-scripts Run `npm approve-scripts --allow-scripts-pending` to review, or `npm approve-scripts <pkg>` to allow.
