npm error code ERESOLVE
npm error ERESOLVE could not resolve
npm error
npm error While resolving: @ant-design/nextjs-registry@1.0.0
npm error Found: next@13.5.6
npm error node_modules/next
npm error   next@"^13.5.6" from the root project
npm error   peer next@">=10" from @clerk/nextjs@4.29.9
npm error   node_modules/@clerk/nextjs
npm error     @clerk/nextjs@"^4.23.5" from the root project
npm error   2 more (@uploadthing/react, uploadthing)
npm error
npm error Could not resolve dependency:
npm error peer next@"^14.0.0" from @ant-design/nextjs-registry@1.0.0
npm error node_modules/@ant-design/nextjs-registry
npm error   @ant-design/nextjs-registry@"^1.0.0" from the root project
npm error
npm error Conflicting peer dependency: next@14.2.35
npm error node_modules/next
npm error   peer next@"^14.0.0" from @ant-design/nextjs-registry@1.0.0
npm error   node_modules/@ant-design/nextjs-registry
npm error     @ant-design/nextjs-registry@"^1.0.0" from the root project
npm error
npm error Fix the upstream dependency conflict, or retry this command with --force or --legacy-peer-deps to accept an incorrect (and potentially broken) dependency resolution.
npm error
npm error
npm error For a full report see:
npm error C:\Users\A1420\AppData\Local\npm-cache\_logs\2026-09-13T17_20_01_974Z-eresolve-report.txt
npm error A complete log of this run can be found in: C:\Users\A1420\AppData\Local\npm-cache\_logs\2026-09-13T17_20_01_974Z-debug-0.log
